[2025-02-13 04:36:04 : INFO] - Cache for URL: http://localhost/wordpress/ has been purged, triggered by action: save_post 
[2025-02-13 04:36:04 : INFO] - Cache for URL: http://localhost/wordpress/ has been purged, triggered by action: save_post 
[2025-02-13 04:36:06 : INFO] - Cache for URL: http://localhost/wordpress/ has been purged, triggered by action: save_post 
[2025-02-13 04:44:05 : INFO] - Cache for URL: http://localhost/wordpress/ has been purged, triggered by action: save_post 
[2025-02-13 04:44:05 : INFO] - Cache for URL: http://localhost/wordpress/ has been purged, triggered by action: save_post 
[2025-02-13 04:44:07 : INFO] - Cache for URL: http://localhost/wordpress/ has been purged, triggered by action: save_post 
[2025-02-13 04:56:47 : INFO] - Cache for URL: http://localhost/wordpress/ has been purged, triggered by action: save_post 
[2025-02-13 04:56:47 : INFO] - Cache for URL: http://localhost/wordpress/ has been purged, triggered by action: save_post 
[2025-02-13 04:56:49 : INFO] - Cache for URL: http://localhost/wordpress/ has been purged, triggered by action: save_post 
[2025-02-13 04:59:57 : INFO] - Cache for URL: http://localhost/wordpress/ has been purged, triggered by action: save_post 
[2025-02-13 04:59:57 : INFO] - Cache for URL: http://localhost/wordpress/ has been purged, triggered by action: save_post 
[2025-02-13 04:59:59 : INFO] - Cache for URL: http://localhost/wordpress/ has been purged, triggered by action: save_post 
[2025-02-13 05:01:09 : INFO] - Cache for URL: http://localhost/wordpress/?elementor_library=default-kit has been purged, triggered by action: save_post 
[2025-02-13 05:01:09 : INFO] - Cache for URL: http://localhost/wordpress/?elementor_library=default-kit has been purged, triggered by action: save_post 
[2025-02-13 05:01:09 : INFO] - Cache for URL: http://localhost/wordpress/?elementor_library=default-kit has been purged, triggered by action: save_post 
[2025-02-13 05:04:52 : INFO] - Cache for URL: http://localhost/wordpress/ has been purged, triggered by action: save_post 
[2025-02-13 05:04:53 : INFO] - Cache for URL: http://localhost/wordpress/ has been purged, triggered by action: save_post 
[2025-02-13 05:04:54 : INFO] - Cache for URL: http://localhost/wordpress/ has been purged, triggered by action: save_post 
[2025-02-13 05:05:30 : INFO] - Cache for URL: http://localhost/wordpress/ has been purged, triggered by action: save_post 
[2025-02-13 05:05:30 : INFO] - Cache for URL: http://localhost/wordpress/ has been purged, triggered by action: save_post 
[2025-02-13 05:05:32 : INFO] - Cache for URL: http://localhost/wordpress/ has been purged, triggered by action: save_post 
[2025-02-13 05:07:48 : INFO] - Cache for URL: http://localhost/wordpress/ has been purged, triggered by action: save_post 
[2025-02-13 05:07:48 : INFO] - Cache for URL: http://localhost/wordpress/ has been purged, triggered by action: save_post 
[2025-02-13 05:07:50 : INFO] - Cache for URL: http://localhost/wordpress/ has been purged, triggered by action: save_post 
[2025-02-13 05:28:48 : INFO] - Cache for URL: http://localhost/wordpress/ has been purged, triggered by action: save_post 
[2025-02-13 05:28:48 : INFO] - Cache for URL: http://localhost/wordpress/ has been purged, triggered by action: save_post 
[2025-02-13 05:28:50 : INFO] - Cache for URL: http://localhost/wordpress/ has been purged, triggered by action: save_post 
[2025-02-13 05:31:55 : INFO] - Cache for URL: http://localhost/wordpress/?elementor_library=elementor-footer-780 has been purged, triggered by action: save_post 
[2025-02-13 05:31:56 : INFO] - Cache for URL: http://localhost/wordpress/?elementor_library=elementor-footer-780 has been purged, triggered by action: save_post 
[2025-02-13 05:31:56 : INFO] - Cache for URL: http://localhost/wordpress/?elementor_library=elementor-footer-780 has been purged, triggered by action: save_post 
[2025-02-13 05:31:56 : INFO] - Cache for multiple term taxonomy have been purged due to post terms update, triggered by action: set_object_terms 
[2025-02-13 06:19:01 : INFO] - Cache for URL: http://localhost/wordpress/ has been purged, triggered by action: save_post 
[2025-02-13 06:19:02 : INFO] - Cache for URL: http://localhost/wordpress/ has been purged, triggered by action: save_post 
[2025-02-13 06:19:04 : INFO] - Cache for URL: http://localhost/wordpress/ has been purged, triggered by action: save_post 
[2025-02-13 06:29:49 : INFO] - Cache for URL: http://localhost/wordpress/ has been purged, triggered by action: save_post 
[2025-02-13 06:29:49 : INFO] - Cache for URL: http://localhost/wordpress/ has been purged, triggered by action: save_post 
[2025-02-13 06:29:51 : INFO] - Cache for URL: http://localhost/wordpress/ has been purged, triggered by action: save_post 
[2025-02-13 06:39:26 : INFO] - Cache for URL: http://localhost/wordpress/ has been purged, triggered by action: save_post 
[2025-02-13 06:39:26 : INFO] - Cache for URL: http://localhost/wordpress/ has been purged, triggered by action: save_post 
[2025-02-13 06:39:28 : INFO] - Cache for URL: http://localhost/wordpress/ has been purged, triggered by action: save_post 
[2025-02-13 06:41:17 : INFO] - Cache for URL: http://localhost/wordpress/?elementor_library=default-kit has been purged, triggered by action: save_post 
[2025-02-13 06:42:10 : INFO] - Cache for URL: http://localhost/wordpress/ has been purged, triggered by action: save_post 
[2025-02-13 06:42:10 : INFO] - Cache for URL: http://localhost/wordpress/ has been purged, triggered by action: save_post 
[2025-02-13 06:42:12 : INFO] - Cache for URL: http://localhost/wordpress/ has been purged, triggered by action: save_post 
[2025-02-13 06:44:23 : INFO] - Full Cache Purge triggered by: plugin activation/deactivation 
[2025-02-13 09:10:34 : INFO] - Cache for URL: http://localhost/wordpress/ has been purged, triggered by action: save_post 
[2025-02-13 09:10:35 : INFO] - Cache for URL: http://localhost/wordpress/ has been purged, triggered by action: save_post 
[2025-02-13 09:10:36 : INFO] - Cache for URL: http://localhost/wordpress/ has been purged, triggered by action: save_post 
[2025-02-13 09:16:49 : INFO] - Cache for URL: http://localhost/wordpress/?p=2017 has been purged, triggered by action: save_post 
[2025-02-13 09:16:49 : INFO] - Cache for previous post (with URL: http://localhost/wordpress/web-development/) adjacent to post with id: 2017 has been purged, triggered by action: save_post 
[2025-02-13 09:16:49 : INFO] - Cache for all archives page associated with post_type: post and Title: "Auto Draft" have been purged, triggered by action: save_post 
